// Jest Snapshot v1, https://goo.gl/fbAQLP

exports[`renders correctly 1`] = `
<div
  className="XRAxu"
>
  <div>
    <img
      className="hQbxwO"
      src="static/logo.png"
    />
    <div>
      <input
        autoFocus={true}
        className="ftiIRS"
        defaultValue={undefined}
        onChange={[Function]}
        onKeyUp={[Function]}
        placeholder="enter your npm username"
        type="text"
      />
      <div
        className="bvUXDN"
      />
    </div>
  </div>
</div>
`;
