// Jest Snapshot v1, https://goo.gl/fbAQLP

exports[`renders correctly 1`] = `
<div>
  <div
    className="XRAxu"
  >
    <div>
      <img
        className="etfsU"
        src="static/logo.png"
      />
      <div>
        <input
          autoFocus={true}
          className="ftiIRS"
          defaultValue="siddharthkp"
          onChange={[Function]}
          onKeyUp={[Function]}
          placeholder="enter your npm username"
          type="text"
        />
        <div
          className="bvUXDN"
        />
      </div>
    </div>
  </div>
  <div
    className="lIpXm"
  >
    <span
      className="cZhuiQ"
    >
      <a
        className="igpMrq"
        href="https://npmjs.com/npm-janitor-web"
        target="blank"
      >
        <div
          className="bAiiZt"
        >
          npm-janitor-web
        </div>
      </a>
      <div>
        
        <div>
          Add recommended 
          field
          : 
          <span>
            <span
              className="lhecVm"
            >
              Add recommended field: contributors
            </span>
            <br />
            <br />
          </span>
        </div>
        <div>
          Add optional 
          field
          : 
          <span>
            <span
              className="lhecVm"
            >
              Add optional field: homepage
            </span>
            <br />
            <br />
          </span>
        </div>
      </div>
      <div
        className="imcGyF"
      />
    </span>
  </div>
</div>
`;
